
Information: Checking generated_clocks...

Information: Checking loops...

Information: Checking no_input_delay...
Warning: The following input ports have no clock_relative delay specified, the command set_input_delay without -clock option will be ignored. (TIM-216)
--------------------
RST_N
EN_start
EN_readReq_NM1
readResp_NM1_resp[9]
readResp_NM1_resp[8]
readResp_NM1_resp[7]
readResp_NM1_resp[6]
readResp_NM1_resp[5]
readResp_NM1_resp[4]
readResp_NM1_resp[3]
readResp_NM1_resp[2]
readResp_NM1_resp[1]
readResp_NM1_resp[0]
EN_readResp_NM1
EN_readReq_NM2
readResp_NM2_resp[31]
readResp_NM2_resp[30]
readResp_NM2_resp[29]
readResp_NM2_resp[28]
readResp_NM2_resp[27]
readResp_NM2_resp[26]
readResp_NM2_resp[25]
readResp_NM2_resp[24]
readResp_NM2_resp[23]
readResp_NM2_resp[22]
readResp_NM2_resp[21]
readResp_NM2_resp[20]
readResp_NM2_resp[19]
readResp_NM2_resp[18]
readResp_NM2_resp[17]
readResp_NM2_resp[16]
readResp_NM2_resp[15]
readResp_NM2_resp[14]
readResp_NM2_resp[13]
readResp_NM2_resp[12]
readResp_NM2_resp[11]
readResp_NM2_resp[10]
readResp_NM2_resp[9]
readResp_NM2_resp[8]
readResp_NM2_resp[7]
readResp_NM2_resp[6]
readResp_NM2_resp[5]
readResp_NM2_resp[4]
readResp_NM2_resp[3]
readResp_NM2_resp[2]
readResp_NM2_resp[1]
readResp_NM2_resp[0]
EN_readResp_NM2
EN_readReq_A1
readResp_A1_resp[31]
readResp_A1_resp[30]
readResp_A1_resp[29]
readResp_A1_resp[28]
readResp_A1_resp[27]
readResp_A1_resp[26]
readResp_A1_resp[25]
readResp_A1_resp[24]
readResp_A1_resp[23]
readResp_A1_resp[22]
readResp_A1_resp[21]
readResp_A1_resp[20]
readResp_A1_resp[19]
readResp_A1_resp[18]
readResp_A1_resp[17]
readResp_A1_resp[16]
readResp_A1_resp[15]
readResp_A1_resp[14]
readResp_A1_resp[13]
readResp_A1_resp[12]
readResp_A1_resp[11]
readResp_A1_resp[10]
readResp_A1_resp[9]
readResp_A1_resp[8]
readResp_A1_resp[7]
readResp_A1_resp[6]
readResp_A1_resp[5]
readResp_A1_resp[4]
readResp_A1_resp[3]
readResp_A1_resp[2]
readResp_A1_resp[1]
readResp_A1_resp[0]
EN_readResp_A1
EN_readResp_A2
EN_readReq_B1
readResp_B1_resp[31]
readResp_B1_resp[30]
readResp_B1_resp[29]
readResp_B1_resp[28]
readResp_B1_resp[27]
readResp_B1_resp[26]
readResp_B1_resp[25]
readResp_B1_resp[24]
readResp_B1_resp[23]
readResp_B1_resp[22]
readResp_B1_resp[21]
readResp_B1_resp[20]
readResp_B1_resp[19]
readResp_B1_resp[18]
readResp_B1_resp[17]
readResp_B1_resp[16]
readResp_B1_resp[15]
readResp_B1_resp[14]
readResp_B1_resp[13]
readResp_B1_resp[12]
readResp_B1_resp[11]
readResp_B1_resp[10]
readResp_B1_resp[9]
readResp_B1_resp[8]
readResp_B1_resp[7]
readResp_B1_resp[6]
readResp_B1_resp[5]
readResp_B1_resp[4]
readResp_B1_resp[3]
readResp_B1_resp[2]
readResp_B1_resp[1]
readResp_B1_resp[0]
EN_readResp_B1
EN_readResp_B2
EN_readReq_Input1
readResp_Input1_resp[31]
readResp_Input1_resp[30]
readResp_Input1_resp[29]
readResp_Input1_resp[28]
readResp_Input1_resp[27]
readResp_Input1_resp[26]
readResp_Input1_resp[25]
readResp_Input1_resp[24]
readResp_Input1_resp[23]
readResp_Input1_resp[22]
readResp_Input1_resp[21]
readResp_Input1_resp[20]
readResp_Input1_resp[19]
readResp_Input1_resp[18]
readResp_Input1_resp[17]
readResp_Input1_resp[16]
readResp_Input1_resp[15]
readResp_Input1_resp[14]
readResp_Input1_resp[13]
readResp_Input1_resp[12]
readResp_Input1_resp[11]
readResp_Input1_resp[10]
readResp_Input1_resp[9]
readResp_Input1_resp[8]
readResp_Input1_resp[7]
readResp_Input1_resp[6]
readResp_Input1_resp[5]
readResp_Input1_resp[4]
readResp_Input1_resp[3]
readResp_Input1_resp[2]
readResp_Input1_resp[1]
readResp_Input1_resp[0]
EN_readResp_Input1
EN_readResp_Input2
EN_writeReq_Output

Information: Checking unconstrained_endpoints...

Warning: The following end-points are not constrained for maximum delay.

End point
---------------
RDY_readReq_A1
RDY_readReq_B1
RDY_readReq_Input1
RDY_readReq_NM1
RDY_readReq_NM2
RDY_readResp_A1
RDY_readResp_A2
RDY_readResp_B1
RDY_readResp_B2
RDY_readResp_Input1
RDY_readResp_Input2
RDY_readResp_NM1
RDY_readResp_NM2
RDY_start
RDY_writeReq_Output
done
fpAddResult1_reg_31_/D
inputError
readReq_A1[0]
readReq_A1[1]
readReq_A1[2]
readReq_A1[3]
readReq_A1[4]
readReq_A1[5]
readReq_A1[6]
readReq_A1[7]
readReq_A1[8]
readReq_A1[9]
readReq_B1[0]
readReq_B1[1]
readReq_B1[2]
readReq_B1[3]
readReq_B1[4]
readReq_B1[5]
readReq_B1[6]
readReq_B1[7]
readReq_B1[8]
readReq_B1[9]
readReq_Input1[0]
readReq_Input1[1]
readReq_Input1[2]
readReq_Input1[3]
readReq_Input1[4]
readReq_Input1[5]
readReq_Input1[6]
readReq_Input1[7]
readReq_Input1[8]
readReq_Input1[9]
readReq_NM2
readRespFIFO_A1/data1_reg_reg_0_/D
readRespFIFO_A1/data1_reg_reg_1_/D
readRespFIFO_A1/data1_reg_reg_2_/D
readRespFIFO_A1/data1_reg_reg_3_/D
readRespFIFO_A1/data1_reg_reg_4_/D
readRespFIFO_A1/data1_reg_reg_5_/D
readRespFIFO_A1/data1_reg_reg_6_/D
readRespFIFO_A1/data1_reg_reg_7_/D
readRespFIFO_A1/data1_reg_reg_8_/D
readRespFIFO_A1/data1_reg_reg_9_/D
readRespFIFO_A1/data1_reg_reg_10_/D
readRespFIFO_A1/data1_reg_reg_11_/D
readRespFIFO_A1/data1_reg_reg_12_/D
readRespFIFO_A1/data1_reg_reg_13_/D
readRespFIFO_A1/data1_reg_reg_14_/D
readRespFIFO_A1/data1_reg_reg_15_/D
readRespFIFO_A1/data1_reg_reg_16_/D
readRespFIFO_A1/data1_reg_reg_17_/D
readRespFIFO_A1/data1_reg_reg_18_/D
readRespFIFO_A1/data1_reg_reg_19_/D
readRespFIFO_A1/data1_reg_reg_20_/D
readRespFIFO_A1/data1_reg_reg_21_/D
readRespFIFO_A1/data1_reg_reg_22_/D
readRespFIFO_A1/data1_reg_reg_23_/D
readRespFIFO_A1/data1_reg_reg_24_/D
readRespFIFO_A1/data1_reg_reg_25_/D
readRespFIFO_A1/data1_reg_reg_26_/D
readRespFIFO_A1/data1_reg_reg_27_/D
readRespFIFO_A1/data1_reg_reg_28_/D
readRespFIFO_A1/data1_reg_reg_29_/D
readRespFIFO_A1/data1_reg_reg_30_/D
readRespFIFO_A1/data1_reg_reg_31_/D
readRespFIFO_B1/data1_reg_reg_0_/D
readRespFIFO_B1/data1_reg_reg_1_/D
readRespFIFO_B1/data1_reg_reg_2_/D
readRespFIFO_B1/data1_reg_reg_3_/D
readRespFIFO_B1/data1_reg_reg_4_/D
readRespFIFO_B1/data1_reg_reg_5_/D
readRespFIFO_B1/data1_reg_reg_6_/D
readRespFIFO_B1/data1_reg_reg_7_/D
readRespFIFO_B1/data1_reg_reg_8_/D
readRespFIFO_B1/data1_reg_reg_9_/D
readRespFIFO_B1/data1_reg_reg_10_/D
readRespFIFO_B1/data1_reg_reg_11_/D
readRespFIFO_B1/data1_reg_reg_12_/D
readRespFIFO_B1/data1_reg_reg_13_/D
readRespFIFO_B1/data1_reg_reg_14_/D
readRespFIFO_B1/data1_reg_reg_15_/D
readRespFIFO_B1/data1_reg_reg_16_/D
readRespFIFO_B1/data1_reg_reg_17_/D
readRespFIFO_B1/data1_reg_reg_18_/D
readRespFIFO_B1/data1_reg_reg_19_/D
readRespFIFO_B1/data1_reg_reg_20_/D
readRespFIFO_B1/data1_reg_reg_21_/D
readRespFIFO_B1/data1_reg_reg_22_/D
readRespFIFO_B1/data1_reg_reg_23_/D
readRespFIFO_B1/data1_reg_reg_24_/D
readRespFIFO_B1/data1_reg_reg_25_/D
readRespFIFO_B1/data1_reg_reg_26_/D
readRespFIFO_B1/data1_reg_reg_27_/D
readRespFIFO_B1/data1_reg_reg_28_/D
readRespFIFO_B1/data1_reg_reg_29_/D
readRespFIFO_B1/data1_reg_reg_30_/D
readRespFIFO_B1/data1_reg_reg_31_/D
readRespFIFO_Input1/data1_reg_reg_0_/D
readRespFIFO_Input1/data1_reg_reg_1_/D
readRespFIFO_Input1/data1_reg_reg_2_/D
readRespFIFO_Input1/data1_reg_reg_3_/D
readRespFIFO_Input1/data1_reg_reg_4_/D
readRespFIFO_Input1/data1_reg_reg_5_/D
readRespFIFO_Input1/data1_reg_reg_6_/D
readRespFIFO_Input1/data1_reg_reg_7_/D
readRespFIFO_Input1/data1_reg_reg_8_/D
readRespFIFO_Input1/data1_reg_reg_9_/D
readRespFIFO_Input1/data1_reg_reg_10_/D
readRespFIFO_Input1/data1_reg_reg_11_/D
readRespFIFO_Input1/data1_reg_reg_12_/D
readRespFIFO_Input1/data1_reg_reg_13_/D
readRespFIFO_Input1/data1_reg_reg_14_/D
readRespFIFO_Input1/data1_reg_reg_15_/D
readRespFIFO_Input1/data1_reg_reg_16_/D
readRespFIFO_Input1/data1_reg_reg_17_/D
readRespFIFO_Input1/data1_reg_reg_18_/D
readRespFIFO_Input1/data1_reg_reg_19_/D
readRespFIFO_Input1/data1_reg_reg_20_/D
readRespFIFO_Input1/data1_reg_reg_21_/D
readRespFIFO_Input1/data1_reg_reg_22_/D
readRespFIFO_Input1/data1_reg_reg_23_/D
readRespFIFO_Input1/data1_reg_reg_24_/D
readRespFIFO_Input1/data1_reg_reg_25_/D
readRespFIFO_Input1/data1_reg_reg_26_/D
readRespFIFO_Input1/data1_reg_reg_27_/D
readRespFIFO_Input1/data1_reg_reg_28_/D
readRespFIFO_Input1/data1_reg_reg_29_/D
readRespFIFO_Input1/data1_reg_reg_30_/D
readRespFIFO_Input1/data1_reg_reg_31_/D
readRespFIFO_NM1/data1_reg_reg_0_/D
readRespFIFO_NM1/data1_reg_reg_1_/D
readRespFIFO_NM1/data1_reg_reg_2_/D
readRespFIFO_NM1/data1_reg_reg_3_/D
readRespFIFO_NM1/data1_reg_reg_4_/D
readRespFIFO_NM1/data1_reg_reg_5_/D
readRespFIFO_NM1/data1_reg_reg_6_/D
readRespFIFO_NM1/data1_reg_reg_7_/D
readRespFIFO_NM1/data1_reg_reg_8_/D
readRespFIFO_NM1/data1_reg_reg_9_/D
readRespFIFO_NM2/data1_reg_reg_0_/D
readRespFIFO_NM2/data1_reg_reg_1_/D
readRespFIFO_NM2/data1_reg_reg_2_/D
readRespFIFO_NM2/data1_reg_reg_3_/D
readRespFIFO_NM2/data1_reg_reg_4_/D
readRespFIFO_NM2/data1_reg_reg_5_/D
readRespFIFO_NM2/data1_reg_reg_6_/D
readRespFIFO_NM2/data1_reg_reg_7_/D
readRespFIFO_NM2/data1_reg_reg_8_/D
readRespFIFO_NM2/data1_reg_reg_9_/D
readRespFIFO_NM2/data1_reg_reg_10_/D
readRespFIFO_NM2/data1_reg_reg_11_/D
readRespFIFO_NM2/data1_reg_reg_12_/D
readRespFIFO_NM2/data1_reg_reg_13_/D
readRespFIFO_NM2/data1_reg_reg_14_/D
readRespFIFO_NM2/data1_reg_reg_15_/D
readRespFIFO_NM2/data1_reg_reg_16_/D
readRespFIFO_NM2/data1_reg_reg_17_/D
readRespFIFO_NM2/data1_reg_reg_18_/D
readRespFIFO_NM2/data1_reg_reg_19_/D
readRespFIFO_NM2/data1_reg_reg_20_/D
readRespFIFO_NM2/data1_reg_reg_21_/D
readRespFIFO_NM2/data1_reg_reg_22_/D
readRespFIFO_NM2/data1_reg_reg_23_/D
readRespFIFO_NM2/data1_reg_reg_24_/D
readRespFIFO_NM2/data1_reg_reg_25_/D
readRespFIFO_NM2/data1_reg_reg_26_/D
readRespFIFO_NM2/data1_reg_reg_27_/D
readRespFIFO_NM2/data1_reg_reg_28_/D
readRespFIFO_NM2/data1_reg_reg_29_/D
readRespFIFO_NM2/data1_reg_reg_30_/D
readRespFIFO_NM2/data1_reg_reg_31_/D
writeReq_Output[0]
writeReq_Output[1]
writeReq_Output[2]
writeReq_Output[3]
writeReq_Output[4]
writeReq_Output[5]
writeReq_Output[6]
writeReq_Output[7]
writeReq_Output[8]
writeReq_Output[9]
writeReq_Output[10]
writeReq_Output[11]
writeReq_Output[12]
writeReq_Output[13]
writeReq_Output[14]
writeReq_Output[15]
writeReq_Output[16]
writeReq_Output[17]
writeReq_Output[18]
writeReq_Output[19]
writeReq_Output[20]
writeReq_Output[21]
writeReq_Output[22]
writeReq_Output[23]
writeReq_Output[24]
writeReq_Output[25]
writeReq_Output[26]
writeReq_Output[27]
writeReq_Output[28]
writeReq_Output[29]
writeReq_Output[30]
writeReq_Output[31]
writeReq_Output[32]
writeReq_Output[33]
writeReq_Output[34]
writeReq_Output[35]
writeReq_Output[36]
writeReq_Output[37]
writeReq_Output[38]
writeReq_Output[39]
writeReq_Output[40]
writeReq_Output[41]

Information: Checking pulse_clock_cell_type...

Information: Checking no_driving_cell...

Information: Checking partial_input_delay...
1
